// Jest Snapshot v1, https://goo.gl/fbAQLP

exports[`Alert It should render a snapshot 1`] = `
<DocumentFragment>
  <div
    class="ids-alert ids-alert--card ids-alert--info"
  >
    <div
      class="ids-alert__icon ids-alert__icon--card ids-alert__icon--medium-centered"
    >
      <svg
        fill="none"
        height="32"
        viewBox="0 0 32 32"
        width="32"
        xmlns="http://www.w3.org/2000/svg"
      >
        <circle
          cx="16"
          cy="16"
          fill="#B2DDF2"
          r="16"
        />
        <path
          d="M16.6158 7.39951C17.34 8.52136 17.0484 9.99799 15.9645 10.6977C14.8807 11.3973 13.4149 11.0551 12.6908 9.93323C11.9666 8.81138 12.2582 7.33475 13.342 6.63509C14.4259 5.93542 15.8916 6.27767 16.6158 7.39951Z"
          fill="white"
        />
        <path
          d="M17.5039 13.6C16.8639 13.6 14.5706 15.2 13.5039 16C9.50391 19.2 14.7039 17.2 15.1039 18.4C15.4239 19.36 15.7706 24.1333 15.9039 26.4C15.9274 26.8 20.2449 26.517 20.8 26C22.1927 24.703 19.4993 24.2993 18.8 23.6C18.4 23.2 18.3039 13.6 17.5039 13.6Z"
          fill="white"
        />
        <path
          clip-rule="evenodd"
          d="M14.4 7.2C13.5163 7.2 12.8 7.91634 12.8 8.8C12.8 9.68365 13.5163 10.4 14.4 10.4C15.2837 10.4 16 9.68365 16 8.8C16 7.91634 15.2837 7.2 14.4 7.2ZM11.2 8.8C11.2 7.03269 12.6327 5.6 14.4 5.6C16.1673 5.6 17.6 7.03269 17.6 8.8C17.6 10.5673 16.1673 12 14.4 12C12.6327 12 11.2 10.5673 11.2 8.8Z"
          fill="#233043"
          fill-rule="evenodd"
        />
        <path
          clip-rule="evenodd"
          d="M16.1657 13.8343C16.4781 14.1467 16.4781 14.6533 16.1657 14.9657C15.7262 15.4052 15.1488 16.0779 14.5585 16.7694C14.5313 16.8013 14.504 16.8333 14.4767 16.8653C14.3774 16.9816 14.2777 17.0984 14.1787 17.214C14.3856 17.2056 14.5962 17.2 14.8 17.2C15.1982 17.2 15.5357 17.4927 15.592 17.8869L16.6939 25.6H19.6687L18.2344 24.1657C18.1038 24.0351 18.0224 23.8634 18.004 23.6796L17.204 15.6796C17.16 15.24 17.4808 14.8479 17.9204 14.804C18.3601 14.76 18.7521 15.0808 18.7961 15.5204L19.5677 23.2362L22.1657 25.8343C22.3945 26.0631 22.463 26.4072 22.3391 26.7061C22.2153 27.0051 21.9236 27.2 21.6 27.2H16C15.6019 27.2 15.2644 26.9073 15.2081 26.5131L14.1088 18.8184C13.9024 18.8281 13.6984 18.8404 13.5033 18.8522C13.3696 18.8603 13.24 18.8681 13.1167 18.8747C12.889 18.8868 12.642 18.8971 12.459 18.8829C12.4091 18.879 12.3448 18.872 12.2763 18.8574C12.2223 18.8458 12.0937 18.8154 11.9611 18.7295C11.8112 18.6325 11.5593 18.3884 11.5818 17.9884C11.5993 17.6772 11.7818 17.4869 11.8344 17.4343C12.196 17.0727 12.7175 16.4617 13.2927 15.7878C13.309 15.7688 13.3253 15.7497 13.3416 15.7306C13.9179 15.0554 14.5405 14.3281 15.0344 13.8343C15.3468 13.5219 15.8533 13.5219 16.1657 13.8343Z"
          fill="#233043"
          fill-rule="evenodd"
        />
      </svg>
    </div>
    <div
      class="ids-alert__body"
    >
      <div
        class="ids-alert__header"
      >
        <p
          class="ids-alert__title"
        />
        <p
          class="ids-alert__metadata"
        />
      </div>
      <div
        class="ids-alert__content"
      />
    </div>
    <button
      class="ids-btn ids-icon-btn ids-icon-btn--xsmall ids-alert__dismiss-btn ids-btn--ghost-secondary"
      title=""
      type="button"
    >
      <span
        class=""
      >
        <svg
          aria-hidden="true"
          class="Icon-module__hop-icon___9H6Vf"
          focusable="false"
          height="16"
          role="img"
          viewBox="0 0 16 16"
          width="16"
        >
          <path
            d="M12.947 4.114a.75.75 0 1 0-1.061-1.06L8 6.938 4.114 3.053a.75.75 0 0 0-1.06 1.061L6.938 8l-3.886 3.886a.75.75 0 0 0 1.061 1.06L8 9.062l3.886 3.886a.75.75 0 0 0 1.06-1.061L9.062 8z"
            fill-rule="evenodd"
          />
        </svg>
      </span>
    </button>
  </div>
</DocumentFragment>
`;
