// Jest Snapshot v1, https://goo.gl/fbAQLP

exports[`render a label 1`] = `ShallowWrapper {}`;
