// Jest Snapshot v1, https://goo.gl/fbAQLP

exports[`Card It should render a snapshot 1`] = `
<DocumentFragment>
  <div
    class="ids-card"
  >
    Hello world
  </div>
</DocumentFragment>
`;
