// Jest Snapshot v1, https://goo.gl/fbAQLP

exports[`Color It should render a snapshot 1`] = `
<DocumentFragment>
  <div
    class="ids-color ids-color--small ids-color--circular"
    data-test="ids-color"
  >
    <div
      class="ids-color__inner"
    />
  </div>
</DocumentFragment>
`;
