// Jest Snapshot v1, https://goo.gl/fbAQLP

exports[`Select It should render a snapshot 1`] = `ShallowWrapper {}`;
