// Jest Snapshot v1, https://goo.gl/fbAQLP

exports[`Dialog It should render without error and a snapshot 1`] = `<DocumentFragment />`;
