// Jest Snapshot v1, https://goo.gl/fbAQLP

exports[`OptionButton It should render a snapshot 1`] = `
<DocumentFragment>
  <div
    class="ids-option-button"
    data-test="option-button-test-1"
  >
    <input
      class="ids-option-button__radio"
      id="option-button-test-1"
      type="radio"
    />
    <label
      class="ids-option-button__label"
      for="option-button-test-1"
    >
      <span
        class="ids-option-button__icon-container"
      >
        <svg
          class="ids-option-button__text-icon "
          fill="none"
          height="32"
          viewBox="0 0 32 32"
          width="32"
          xmlns="http://www.w3.org/2000/svg"
        >
          <g
            clip-path="url(#clip0_5250_851)"
          >
            <circle
              cx="16"
              cy="16"
              fill="#B2DDF2"
              r="16"
            />
            <path
              d="M23.963 26.0296C25.03 26.0296 24.2124 10.0177 24.0067 6.27549C23.9825 5.83494 23.6247 5.5 23.1834 5.5L8.65899 5.50005C6.65998 5.50007 7.85352 22.788 7.85352 25.3092C7.85352 27.4703 22.7548 26.0296 23.963 26.0296Z"
              fill="white"
            />
            <path
              clip-rule="evenodd"
              d="M15.5358 11.2583C13.4703 11.2877 11.5563 11.3885 11.1234 11.4607C10.7148 11.5288 10.3284 11.2527 10.2603 10.8442C10.1922 10.4356 10.4682 10.0492 10.8768 9.98107C11.4439 9.88655 13.48 9.78738 15.5144 9.75844C16.5465 9.74375 17.6038 9.74678 18.5082 9.77915C19.3876 9.81064 20.1947 9.87143 20.682 9.99325C21.0839 10.0937 21.3282 10.5009 21.2277 10.9028C21.1273 11.3046 20.7201 11.5489 20.3182 11.4485C20.0055 11.3703 19.3501 11.3103 18.4545 11.2782C17.584 11.247 16.5537 11.2438 15.5358 11.2583Z"
              fill="#233043"
              fill-rule="evenodd"
            />
            <path
              clip-rule="evenodd"
              d="M20.3768 16.2398C17.4672 15.7549 15.043 15.7505 11.0931 16.2442C10.6821 16.2956 10.3072 16.004 10.2559 15.593C10.2045 15.182 10.496 14.8071 10.9071 14.7558C14.9571 14.2495 17.533 14.2452 20.6234 14.7602C21.0319 14.8283 21.308 15.2147 21.2399 15.6233C21.1718 16.0319 20.7854 16.3079 20.3768 16.2398Z"
              fill="#233043"
              fill-rule="evenodd"
            />
            <path
              clip-rule="evenodd"
              d="M14.7057 20.2437C13.0994 20.2798 11.5633 20.3874 11.147 20.4716C10.741 20.5537 10.3453 20.2912 10.2632 19.8852C10.1811 19.4792 10.4436 19.0835 10.8496 19.0014C11.4189 18.8862 13.0906 18.7796 14.672 18.7441C15.4776 18.7259 16.2896 18.7256 16.9636 18.754C17.3 18.7682 17.6116 18.7899 17.8755 18.822C18.1196 18.8516 18.39 18.8972 18.6031 18.9843C18.9865 19.1412 19.1701 19.5791 19.0133 19.9625C18.8565 20.3458 18.4186 20.5295 18.0352 20.3727C18.0356 20.3729 18.0355 20.3728 18.0348 20.3726C18.0305 20.3711 18.0042 20.3623 17.9462 20.3503C17.883 20.3372 17.7996 20.3238 17.6947 20.311C17.4846 20.2855 17.2158 20.266 16.9004 20.2527C16.2708 20.2261 15.494 20.226 14.7057 20.2437Z"
              fill="#233043"
              fill-rule="evenodd"
            />
            <path
              clip-rule="evenodd"
              d="M8.27614 12.5686C8.29077 13.3727 8.30604 14.2119 8.30606 15.0696C8.30609 17.4809 8.30618 19.7263 8.36854 21.5679C8.42383 23.2007 8.52714 24.4356 8.69522 25.1787C8.81252 25.2193 8.98242 25.2678 9.21711 25.318C9.64611 25.4096 10.2034 25.4893 10.8607 25.5543C12.1731 25.684 13.8294 25.75 15.5429 25.75C17.2552 25.75 19.0097 25.6841 20.517 25.5534C21.8058 25.4417 22.864 25.2863 23.5583 25.1018C23.5865 24.9612 23.6163 24.7685 23.6429 24.515C23.6938 24.029 23.7258 23.402 23.7405 22.6606C23.77 21.1795 23.7297 19.2894 23.6482 17.2528C23.4972 13.4812 23.2061 9.24315 22.9646 6.25H9.06538C8.97554 6.25 8.92757 6.27219 8.88543 6.30522C8.83102 6.34787 8.75019 6.44003 8.66434 6.63052C8.48576 7.02682 8.3659 7.66299 8.30421 8.54296C8.22378 9.69028 8.24885 11.0682 8.27614 12.5686ZM7.96007 5.12467C8.27561 4.87733 8.65213 4.75 9.06538 4.75H23.6555C24.0455 4.75 24.3705 5.04893 24.4029 5.43759C24.6551 8.4571 24.9829 13.0938 25.147 17.1928C25.229 19.241 25.2705 21.1654 25.2402 22.6904C25.2251 23.4519 25.1918 24.1258 25.1347 24.6713C25.0809 25.1847 24.9977 25.6827 24.8366 26.0233C24.751 26.2042 24.5966 26.3434 24.4078 26.4099C23.5554 26.7102 22.1821 26.9147 20.6466 27.0478C19.0881 27.183 17.2895 27.25 15.5429 27.25C13.7975 27.25 12.0893 27.1831 10.7132 27.047C10.0263 26.9791 9.40832 26.8926 8.90382 26.7849C8.43294 26.6843 7.95202 26.5445 7.62722 26.3157C7.49288 26.221 7.39334 26.0849 7.34391 25.9282C7.05634 25.0165 6.93167 23.4577 6.8694 21.6187C6.80613 19.75 6.80609 17.4817 6.80606 15.084L6.80606 15.0696C6.80604 14.285 6.79168 13.4831 6.77757 12.6947C6.74983 11.1454 6.72302 9.64853 6.80788 8.43806C6.87199 7.52372 7.0037 6.66464 7.29679 6.01425C7.44678 5.68141 7.65681 5.36238 7.96007 5.12467Z"
              fill="#233043"
              fill-rule="evenodd"
            />
          </g>
          <defs>
            <clippath
              id="clip0_5250_851"
            >
              <rect
                fill="white"
                height="32"
                width="32"
              />
            </clippath>
          </defs>
        </svg>
      </span>
      <span
        class="ids-option-button__text-container"
      >
        <span
          class="ids-option-button__text"
        >
          I am an option button
        </span>
        <span
          class="ids-option-button__desc"
        />
      </span>
    </label>
  </div>
</DocumentFragment>
`;
