// Jest Snapshot v1, https://goo.gl/fbAQLP

exports[`Datepicker It should render a snapshot 1`] = `ShallowWrapper {}`;
