// Jest Snapshot v1, https://goo.gl/fbAQLP

exports[`Avatar It should render a snapshot 1`] = `
<DocumentFragment>
  <div
    class="ids-avatar ids-avatar--medium"
  >
    <img
      alt="Avatar"
      class="ids-avatar__image ids-avatar__image--medium"
      data-test="ids-avatar"
      src="https://cdn-icons-png.flaticon.com/512/168/168724.png"
    />
  </div>
</DocumentFragment>
`;
