// Jest Snapshot v1, https://goo.gl/fbAQLP

exports[`Dropdown It should render without error and a snapshot 1`] = `
<DocumentFragment>
  <div
    class="ids-dropdown__ref"
  >
    <button>
      Settings
    </button>
  </div>
</DocumentFragment>
`;
