// Jest Snapshot v1, https://goo.gl/fbAQLP

exports[`Tag It should render a snapshot 1`] = `
<DocumentFragment>
  <div
    class="ids-tag ids-tag--default ids-tag--medium"
    data-test="ids-tag"
  >
    <div
      class="ids-tag__content"
    >
      <div
        class="ids-ellipsis"
      >
        <div
          class="ids-ellipsis__content"
        >
          Render snapshot
        </div>
      </div>
    </div>
  </div>
</DocumentFragment>
`;
