// Jest Snapshot v1, https://goo.gl/fbAQLP

exports[`Metric should render a snapshot 1`] = `
<DocumentFragment>
  <button
    class="ids-metric test-class ids-metric--positive ids-metric--score"
    data-test="ids-metric"
    type="button"
  >
    <div
      class="ids-metric__visual ids-metric__visual--positive"
    >
      <div>
        Icon
      </div>
    </div>
    <span
      class="ids-metric__content"
    >
      <span
        class="ids-metric__score-group"
      >
        <span
          class="ids-score ids-metric__score"
        >
          10.0
        </span>
         
        <span
          class="ids-score ids-metric__score ids-score--variation"
        >
          <svg
            class="ids-icon ids-score__arrow ids-score__arrow--positive"
            fill="none"
            height="16"
            viewBox="0 0 16 16"
            width="16"
            xmlns="http://www.w3.org/2000/svg"
          >
            <path
              d="M8 12V5.333M5 7l2.764-2.764c.13-.13.342-.13.472 0L11 7"
              stroke="currentColor"
              stroke-linecap="round"
              stroke-linejoin="round"
              stroke-width="1.5"
            />
          </svg>
          1
          <span
            class="ids-score__postfix"
          >
             pt
          </span>
        </span>
      </span>
      <span
        class="ids-metric__name"
      >
        Test Metric
      </span>
    </span>
    <span
      class="ids-metric__status ids-metric__status--tooltip"
    >
      <span
        class="ids-tooltip__container"
        role="button"
        tabindex="0"
      >
        <svg
          class="ids-icon"
          fill="none"
          height="16"
          viewBox="0 0 16 16"
          width="16"
          xmlns="http://www.w3.org/2000/svg"
        >
          <path
            clip-rule="evenodd"
            d="M14 8A6 6 0 1 1 2 8a6 6 0 0 1 12 0ZM8 5.5a.75.75 0 0 0-.75.75.75.75 0 0 1-1.5 0 2.25 2.25 0 1 1 3 2.122V9a.75.75 0 0 1-1.5 0v-.75c0-.726.578-1.146.996-1.29A.75.75 0 0 0 8 5.5Zm0 6.25a.75.75 0 1 0 0-1.5.75.75 0 0 0 0 1.5Z"
            fill="currentColor"
            fill-rule="evenodd"
          />
        </svg>
      </span>
    </span>
  </button>
</DocumentFragment>
`;
