// Jest Snapshot v1, https://goo.gl/fbAQLP

exports[`ProgressBar It should render a snapshot 1`] = `ShallowWrapper {}`;
