// Jest Snapshot v1, https://goo.gl/fbAQLP

exports[`ActionMenu It should render without errors and a snapshot 1`] = `
<DocumentFragment>
  <div
    class="ids-action-menu"
    data-test="ids-action-menu"
  >
    <button
      class="ids-btn ids-action-menu__trigger ids-btn--secondary"
      title="Button"
      type="button"
    >
      <span
        class=""
      >
        Button
      </span>
    </button>
    <div
      class="ids-dropdown ids-action-menu__dropdown ids-dropdown--bottom-end"
      data-show="true"
      style="position: fixed; top: 0px; left: 0px;"
    >
      <div
        class="ids-dropdown__scroll-content"
      >
        <ul
          class="ids-list ids-list--compact"
          role="listbox"
          tabindex="-1"
        >
          <li
            aria-selected="false"
            class="ids-list-item ids-list-item--compact ids-list-item--selectable"
            role="option"
            tabindex="-1"
          >
            <div
              class="ids-list-item__content"
            >
              <span
                class="ids-list-item__text"
              >
                <span
                  class="ids-list-item__text-body"
                >
                  <span
                    class="ids-list-item__text-content"
                  >
                    <span
                      class="ids-list-item__text-label"
                    >
                      Add Item
                    </span>
                  </span>
                </span>
              </span>
            </div>
          </li>
          <li
            aria-selected="false"
            class="ids-list-item ids-list-item--compact ids-list-item--disabled"
            role="option"
            tabindex="-1"
          >
            <div
              class="ids-list-item__content"
            >
              <span
                class="ids-list-item__text"
              >
                <span
                  class="ids-list-item__text-body"
                >
                  <span
                    class="ids-list-item__text-content"
                  >
                    <span
                      class="ids-list-item__text-label"
                    >
                      Delete Item
                    </span>
                  </span>
                </span>
              </span>
            </div>
          </li>
          <li
            aria-selected="false"
            class="ids-list-item ids-list-item--compact ids-list-item--selectable"
            role="option"
            tabindex="-1"
          >
            <div
              class="ids-list-item__content"
            >
              <span
                class="ids-list-item__text"
              >
                <span
                  class="ids-list-item__text-body"
                >
                  <span
                    class="ids-list-item__text-content"
                  >
                    <span
                      class="ids-list-item__text-label"
                    >
                      Copy Item
                    </span>
                  </span>
                </span>
              </span>
            </div>
          </li>
        </ul>
      </div>
    </div>
  </div>
</DocumentFragment>
`;
